Flow report for RISCV_processador
Fri Jul 25 21:45:04 2025
Quartus Prime Version 17.1.0 Build 590 10/25/2017 SJ Lite Edition


---------------------
; Table of Contents ;
---------------------
  1. Legal Notice
  2. Flow Summary
  3. Flow Settings
  4. Flow Non-Default Global Settings
  5. Flow Elapsed Time
  6. Flow OS Summary
  7. Flow Log
  8. Flow Messages
  9. Flow Suppressed Messages



----------------
; Legal Notice ;
----------------
Copyright (C) 2017  Intel Corporation. All rights reserved.
Your use of Intel Corporation's design tools, logic functions 
and other software and tools, and its AMPP partner logic 
functions, and any output files from any of the foregoing 
(including device programming or simulation files), and any 
associated documentation or information are expressly subject 
to the terms and conditions of the Intel Program License 
Subscription Agreement, the Intel Quartus Prime License Agreement,
the Intel FPGA IP License Agreement, or other applicable license
agreement, including, without limitation, that your use is for
the sole purpose of programming logic devices manufactured by
Intel and sold by Intel or its authorized distributors.  Please
refer to the applicable agreement for further details.



+----------------------------------------------------------------------------------+
; Flow Summary                                                                     ;
+------------------------------------+---------------------------------------------+
; Flow Status                        ; Successful - Fri Jul 25 21:45:01 2025       ;
; Quartus Prime Version              ; 17.1.0 Build 590 10/25/2017 SJ Lite Edition ;
; Revision Name                      ; RISCV_processador                           ;
; Top-level Entity Name              ; toplevel                                    ;
; Family                             ; Cyclone IV E                                ;
; Device                             ; EP4CE115F29C7                               ;
; Timing Models                      ; Final                                       ;
; Total logic elements               ; 2,557 / 114,480 ( 2 % )                     ;
;     Total combinational functions  ; 2,384 / 114,480 ( 2 % )                     ;
;     Dedicated logic registers      ; 695 / 114,480 ( < 1 % )                     ;
; Total registers                    ; 695                                         ;
; Total pins                         ; 89 / 529 ( 17 % )                           ;
; Total virtual pins                 ; 0                                           ;
; Total memory bits                  ; 8,192 / 3,981,312 ( < 1 % )                 ;
; Embedded Multiplier 9-bit elements ; 6 / 532 ( 1 % )                             ;
; Total PLLs                         ; 0 / 4 ( 0 % )                               ;
+------------------------------------+---------------------------------------------+


+-----------------------------------------+
; Flow Settings                           ;
+-------------------+---------------------+
; Option            ; Setting             ;
+-------------------+---------------------+
; Start date & time ; 07/25/2025 21:44:30 ;
; Main task         ; Compilation         ;
; Revision Name     ; RISCV_processador   ;
+-------------------+---------------------+


+-----------------------------------------------------------------------------------------------------------------------------+
; Flow Non-Default Global Settings                                                                                            ;
+-------------------------------------+----------------------------------------+-------------------+-------------+------------+
; Assignment Name                     ; Value                                  ; Default Value     ; Entity Name ; Section Id ;
+-------------------------------------+----------------------------------------+-------------------+-------------+------------+
; COMPILER_SIGNATURE_ID               ; 2544578662066.175349067024436          ; --                ; --          ; --         ;
; MAX_CORE_JUNCTION_TEMP              ; 85                                     ; --                ; --          ; --         ;
; MIN_CORE_JUNCTION_TEMP              ; 0                                      ; --                ; --          ; --         ;
; PARTITION_COLOR                     ; -- (Not supported for targeted family) ; --                ; toplevel    ; Top        ;
; PARTITION_FITTER_PRESERVATION_LEVEL ; -- (Not supported for targeted family) ; --                ; toplevel    ; Top        ;
; PARTITION_NETLIST_TYPE              ; -- (Not supported for targeted family) ; --                ; toplevel    ; Top        ;
; POWER_BOARD_THERMAL_MODEL           ; None (CONSERVATIVE)                    ; --                ; --          ; --         ;
; POWER_PRESET_COOLING_SOLUTION       ; 23 MM HEAT SINK WITH 200 LFPM AIRFLOW  ; --                ; --          ; --         ;
; PROJECT_OUTPUT_DIRECTORY            ; output_files                           ; --                ; --          ; --         ;
; TOP_LEVEL_ENTITY                    ; toplevel                               ; RISCV_processador ; --          ; --         ;
+-------------------------------------+----------------------------------------+-------------------+-------------+------------+


+-------------------------------------------------------------------------------------------------------------------------------+
; Flow Elapsed Time                                                                                                             ;
+---------------------------+--------------+-------------------------+---------------------+------------------------------------+
; Module Name               ; Elapsed Time ; Average Processors Used ; Peak Virtual Memory ; Total CPU Time (on all processors) ;
+---------------------------+--------------+-------------------------+---------------------+------------------------------------+
; Analysis & Synthesis      ; 00:00:16     ; 1.0                     ; 4807 MB             ; 00:00:24                           ;
; Fitter                    ; 00:00:10     ; 1.0                     ; 5795 MB             ; 00:00:16                           ;
; Assembler                 ; 00:00:02     ; 1.0                     ; 4690 MB             ; 00:00:02                           ;
; TimeQuest Timing Analyzer ; 00:00:02     ; 1.1                     ; 4880 MB             ; 00:00:02                           ;
; Total                     ; 00:00:30     ; --                      ; --                  ; 00:00:44                           ;
+---------------------------+--------------+-------------------------+---------------------+------------------------------------+


+-----------------------------------------------------------------------------------------+
; Flow OS Summary                                                                         ;
+---------------------------+------------------+------------+------------+----------------+
; Module Name               ; Machine Hostname ; OS Name    ; OS Version ; Processor type ;
+---------------------------+------------------+------------+------------+----------------+
; Analysis & Synthesis      ; DESKTOP-61CH201  ; Windows 10 ; 10.0       ; x86_64         ;
; Fitter                    ; DESKTOP-61CH201  ; Windows 10 ; 10.0       ; x86_64         ;
; Assembler                 ; DESKTOP-61CH201  ; Windows 10 ; 10.0       ; x86_64         ;
; TimeQuest Timing Analyzer ; DESKTOP-61CH201  ; Windows 10 ; 10.0       ; x86_64         ;
+---------------------------+------------------+------------+------------+----------------+


------------
; Flow Log ;
------------
quartus_map --read_settings_files=on --write_settings_files=off RISCV_processador -c RISCV_processador
quartus_fit --read_settings_files=off --write_settings_files=off RISCV_processador -c RISCV_processador
quartus_asm --read_settings_files=off --write_settings_files=off RISCV_processador -c RISCV_processador
quartus_sta RISCV_processador -c RISCV_processador



